../Core/Src/main.c:129:5:main	8	static
../Core/Src/main.c:225:6:SystemClock_Config	96	static
../Core/Src/main.c:270:13:MX_LPUART1_UART_Init	8	static
../Core/Src/main.c:318:13:MX_UART4_Init	8	static
../Core/Src/main.c:366:13:MX_USART1_UART_Init	8	static
../Core/Src/main.c:414:13:MX_SPI1_Init	8	static
../Core/Src/main.c:453:13:MX_TIM1_Init	112	static
../Core/Src/main.c:545:13:MX_TIM2_Init	72	static
../Core/Src/main.c:619:13:MX_TIM3_Init	72	static
../Core/Src/main.c:693:13:MX_TIM4_Init	72	static
../Core/Src/main.c:767:13:MX_TIM5_Init	72	static
../Core/Src/main.c:841:13:MX_TIM15_Init	96	static
../Core/Src/main.c:906:13:MX_GPIO_Init	64	static
../Core/Src/main.c:1078:1:__io_putchar	16	static
../Core/Src/main.c:1084:6:sendCmd	40	static
../Core/Src/main.c:1107:6:HAL_SPI_RxCpltCallback	32	static
../Core/Src/main.c:1172:1:HAL_UART_RxCpltCallback	24	static
../Core/Src/main.c:1208:6:HAL_GPIO_EXTI_Callback	16	static
../Core/Src/main.c:1220:6:HAL_TIM_IC_CaptureCallback	40	static
../Core/Src/main.c:1276:6:getAngle	40	static
../Core/Src/main.c:1297:6:set_servo_speed	24	static
../Core/Src/main.c:1339:6:Error_Handler	4	static,ignoring_inline_asm
